serviceId|zipcode|city        |id     |title                                                  |description                                                                                                                                                                                            |createdAt          |service_selected_by_user
408030|86672  |Thierhaupten|8362839|Zweiwöchentliche Unterhaltsreinigung im Einfamilienhaus|Wir benötigen eine zweiwöchige Unterhaltsreinigung im gesamten Wohnbereich (Staubwischen, Saugen, Nasswischen, Sanitärbereichsreinigung, Bettenbeziehen, etc.). Erledigung der anfallenden Bügelwäsche.|2018-01-14 12:14:01|1
101120|80999  |München     |8360397|Morschen Vordachbalken erneuern                        |Ein morscher Holz-Stützbalken vom Vordach muß erneuert werden, ggf. das gesamtes Vordach ...                                                                                                           |2018-01-13 09:48:48|1
