serviceId|zipcode|city     |id     |title                                                      |description                                                                                                                                                                                                                                                                                                                                                                                                                                                                       |createdAt          |service_selected_by_user
null     |21509  |Hamburg  |3520575|polster neu beziehen vom Wohnmobil                         |Suchen jemand der uns unsere Polster vom Wohnmobil neu beziehtEs handelt sich um eine vierer Sitzgruppe inkl.Kopfteile und den Fahrer- und den Beifahrersitz mit Schonbezügen im gleichen Stoff. Wir würden die Polster auch zu ihnen bringen zum beziehen. Termin nach Absprache. Materialstellung nach Absprache vom Polsterer möglich.                                                                                                                                         |2011-03-07 10:19:00|0
null     |24944  |Flensburg|3747523|flachdach 88,5 qm.mit polymerbitum-schweißbahn abschweißen,|flachdach 88,5qm mit polymertin.schweißbahn abschweißen ,traufbleche 11.8lfd meter aus zink vorrichten und an den traufen anbringen,dachlatten am randbereich montieren,lüfter und lichtkuppel ummanteln,wandanschluss mit schweißbahn und aluklappleiste herstellen,zinkabdeckung zuschnitt 20cm vorrichten und mit sprenglerschrauben befestigen nähte verlöten.  schweißbahnen,dachlatten sind vorhanden,traufbleche müssten mitgebracht werden,7,5lfd.meter zinkabdeckung auch|2011-05-19 02:08:10|0
