serviceId_title_description
__label__123456 mehrere große bäume garten kürzenschneiden großer bäumen teilweise abgestorben kürzen holz ort kamingerecht sägen reste entsorgen schreddern geräte absprache vorhanden besichtigung gerne ausführungszeitraum tag ende märz möglich
__label__456789 entsorgung küchenbuffet 120 mbreit teilbar kommode gut erhalten entsorgen3 stufen keller hochtragen
